[staff/schomeru/lecturenotes/Quantum Mechanics/.html]
[backblue.gif]
[fade.gif]
[index.html]
[npm/mathjax@3/es5/tex-mml-chtml54c8.js]
[staff/schomeru/lecturenotes/Quantum Mechanics/S1.html]
[staff/schomeru/lecturenotes/Quantum Mechanics/S2.html]
[staff/schomeru/lecturenotes/Quantum Mechanics/S3.html]
[staff/schomeru/lecturenotes/Quantum Mechanics/S4.html]
[staff/schomeru/lecturenotes/Quantum Mechanics/S5.html]
[staff/schomeru/lecturenotes/Quantum Mechanics/S6.html]
[staff/schomeru/lecturenotes/Quantum Mechanics/S7.html]
[staff/schomeru/lecturenotes/Quantum Mechanics/S8.html]
[staff/schomeru/lecturenotes/Quantum Mechanics/S9.html]
[staff/schomeru/lecturenotes/Quantum Mechanics/S10.html]
[staff/schomeru/lecturenotes/Quantum Mechanics/S11.html]
[staff/schomeru/lecturenotes/Quantum Mechanics/S12.html]
[staff/schomeru/lecturenotes/Quantum Mechanics/S13.html]
[staff/schomeru/lecturenotes/Quantum Mechanics/S14.html]
[staff/schomeru/lecturenotes/Quantum Mechanics/S15.html]
[staff/schomeru/lecturenotes/Quantum Mechanics/S16.html]
[staff/schomeru/lecturenotes/Quantum Mechanics/S17.html]
[staff/schomeru/lecturenotes/Quantum Mechanics/S18.html]
[staff/schomeru/lecturenotes/Quantum Mechanics/S19.html]
[staff/schomeru/lecturenotes/Quantum Mechanics/S20.html]
[staff/schomeru/lecturenotes/Quantum Mechanics/S21.html]
[staff/schomeru/lecturenotes/Quantum Mechanics/.html]
[staff/schomeru/lecturenotes/Quantum Mechanics/LaTeXML.css]
[staff/schomeru/lecturenotes/Quantum Mechanics/ltx-article.css]
[staff/schomeru/lecturenotes/Quantum Mechanics/andy-navbar.css]
[staff/schomeru/lecturenotes/Quantum Mechanics/normalize.css]
[staff/schomeru/lecturenotes/Quantum Mechanics/andy-navbar.js]
[staff/schomeru/lecturenotes/Quantum Mechanics/index.html]
[staff/schomeru/lecturenotes/Quantum Mechanics/S1.html]
[staff/schomeru/lecturenotes/Quantum Mechanics/S2.html]
[staff/schomeru/lecturenotes/Quantum Mechanics/S3.html]
[staff/schomeru/lecturenotes/Quantum Mechanics/S4.html]
[staff/schomeru/lecturenotes/Quantum Mechanics/S5.html]
[staff/schomeru/lecturenotes/Quantum Mechanics/S6.html]
[staff/schomeru/lecturenotes/Quantum Mechanics/S7.html]
[staff/schomeru/lecturenotes/Quantum Mechanics/S8.html]
[staff/schomeru/lecturenotes/Quantum Mechanics/S9.html]
[staff/schomeru/lecturenotes/Quantum Mechanics/S10.html]
[staff/schomeru/lecturenotes/Quantum Mechanics/S11.html]
[staff/schomeru/lecturenotes/Quantum Mechanics/S12.html]
[staff/schomeru/lecturenotes/Quantum Mechanics/S13.html]
[staff/schomeru/lecturenotes/Quantum Mechanics/polarcoord.png]
[staff/schomeru/lecturenotes/Quantum Mechanics/S14.html]
[staff/schomeru/lecturenotes/Quantum Mechanics/ang1.png]
[staff/schomeru/lecturenotes/Quantum Mechanics/ang2.png]
[staff/schomeru/lecturenotes/Quantum Mechanics/ang3.png]
[staff/schomeru/lecturenotes/Quantum Mechanics/S15.html]
[staff/schomeru/lecturenotes/Quantum Mechanics/ang4.png]
[staff/schomeru/lecturenotes/Quantum Mechanics/Stern-Gerlach.png]
[staff/schomeru/lecturenotes/Quantum Mechanics/ang5.png]
[staff/schomeru/lecturenotes/Quantum Mechanics/S16.html]
[staff/schomeru/lecturenotes/Quantum Mechanics/energylevels.png]
[staff/schomeru/lecturenotes/Quantum Mechanics/hydrogenlines.png]
[staff/schomeru/lecturenotes/Quantum Mechanics/hydrogenprob.png]
[staff/schomeru/lecturenotes/Quantum Mechanics/hydrogenorbitals.png]
[staff/schomeru/lecturenotes/Quantum Mechanics/zeeman0.png]
[staff/schomeru/lecturenotes/Quantum Mechanics/zeeman.png]
[staff/schomeru/lecturenotes/Quantum Mechanics/S17.html]
[staff/schomeru/lecturenotes/Quantum Mechanics/S18.html]
[staff/schomeru/lecturenotes/Quantum Mechanics/S19.html]
[staff/schomeru/lecturenotes/Quantum Mechanics/S20.html]
[staff/schomeru/lecturenotes/Quantum Mechanics/S21.html]
[staff/schomeru/lecturenotes/Quantum Mechanics/index.html]
